hwif_in.test_r_0.data.next[31:0]
hwif_in.test_r_1.data.next[31:0]
hwif_in.test_r_2.data.next[31:0]
hwif_in.test_r_3.data.next[31:0]
hwif_in.test_r_4.data.next[31:0]
hwif_in.test_r_5.data.next[31:0]
hwif_in.test_r_6.data.next[31:0]
hwif_in.test_r_7.data.next[31:0]
hwif_in.test_r_8.data.next[31:0]
hwif_in.test_r_9.data.next[31:0]
hwif_in.test_r_10.data.next[31:0]
hwif_in.test_r_11.data.next[31:0]
hwif_in.test_r_12.data.next[31:0]
hwif_in.test_r_13.data.next[31:0]
hwif_in.test_r_14.data.next[31:0]
hwif_in.test_r_15.data.next[31:0]
hwif_out.test_rw_0.data.value[31:0]
hwif_out.test_rw_1.data.value[31:0]
hwif_out.test_rw_2.data.value[31:0]
hwif_out.test_rw_3.data.value[31:0]
hwif_out.test_rw_4.data.value[31:0]
hwif_out.test_rw_5.data.value[31:0]
hwif_out.test_rw_6.data.value[31:0]
hwif_out.test_rw_7.data.value[31:0]
hwif_out.test_rw_8.data.value[31:0]
hwif_out.test_rw_9.data.value[31:0]
hwif_out.test_rw_10.data.value[31:0]
hwif_out.test_rw_11.data.value[31:0]
hwif_out.test_rw_12.data.value[31:0]
hwif_out.test_rw_13.data.value[31:0]
hwif_out.test_rw_14.data.value[31:0]
hwif_out.test_rw_15.data.value[31:0]
hwif_out.test_w_0.data.value[31:0]
hwif_out.test_w_1.data.value[31:0]
hwif_out.test_w_2.data.value[31:0]
hwif_out.test_w_3.data.value[31:0]
hwif_out.test_w_4.data.value[31:0]
hwif_out.test_w_5.data.value[31:0]
hwif_out.test_w_6.data.value[31:0]
hwif_out.test_w_7.data.value[31:0]
hwif_out.test_w_8.data.value[31:0]
hwif_out.test_w_9.data.value[31:0]
hwif_out.test_w_10.data.value[31:0]
hwif_out.test_w_11.data.value[31:0]
hwif_out.test_w_12.data.value[31:0]
hwif_out.test_w_13.data.value[31:0]
hwif_out.test_w_14.data.value[31:0]
hwif_out.test_w_15.data.value[31:0]
